// Jest Snapshot v1, https://goo.gl/fbAQLP

exports[`Table has a valid snapshot 1`] = `
<div
  className="table"
>
  <div
    className="sort"
  >
    <span>
      <button
        onClick={[Function]}
        type="button"
      >
        Title
      </button>
    </span>
    <span>
      <button
        onClick={[Function]}
        type="button"
      >
        Author
      </button>
    </span>
    <span>
      <button
        onClick={[Function]}
        type="button"
      >
        Comments
      </button>
    </span>
    <span>
      <button
        onClick={[Function]}
        type="button"
      >
        Points
      </button>
    </span>
  </div>
  <div
    className="table-row"
  >
    <div
      className="table-column"
    >
      <span>
        <b>
          Title:
        </b>
        <a
          rel="noreferrer"
          target="_blank"
        >
          1
        </a>
      </span>
    </div>
    <div>
      <span>
        <b>
          Author:
        </b>
         
        1
      </span>
    </div>
    <div>
      <span>
        <b>
          Comments:
        </b>
         
        1
      </span>
    </div>
    <div>
      <span>
        <b>
          Points:
        </b>
         
        2
      </span>
    </div>
    <div>
      <span>
        <button
          className="button-inline"
          onClick={[Function]}
          type="button"
        >
          Delete
        </button>
      </span>
    </div>
  </div>
  <div
    className="table-row"
  >
    <div
      className="table-column"
    >
      <span>
        <b>
          Title:
        </b>
        <a
          rel="noreferrer"
          target="_blank"
        >
          2
        </a>
      </span>
    </div>
    <div>
      <span>
        <b>
          Author:
        </b>
         
        2
      </span>
    </div>
    <div>
      <span>
        <b>
          Comments:
        </b>
         
        2
      </span>
    </div>
    <div>
      <span>
        <b>
          Points:
        </b>
         
        2
      </span>
    </div>
    <div>
      <span>
        <button
          className="button-inline"
          onClick={[Function]}
          type="button"
        >
          Delete
        </button>
      </span>
    </div>
  </div>
</div>
`;
