// Jest Snapshot v1, https://goo.gl/fbAQLP

exports[`Table has a valid snapshot 1`] = `
<div
  className="table"
>
  <div>
    <span>
      <button
        onClick={[Function]}
        type="button"
      >
        Title
      </button>
    </span>
    <span>
      <button
        onClick={[Function]}
        type="button"
      >
        Author
      </button>
    </span>
    <span>
      <button
        onClick={[Function]}
        type="button"
      >
        Comments
      </button>
    </span>
    <span>
      <button
        onClick={[Function]}
        type="button"
      >
        Points
      </button>
    </span>
  </div>
  <div
    className="table-row"
  >
    <span>
      <a
        rel="noreferrer"
        target="_blank"
      >
        1
      </a>
    </span>
    <br />
    <span>
      1
    </span>
    <br />
    <span>
      1
    </span>
    <br />
    <span>
      2
    </span>
    <br />
    <span>
      <button
        className="button-inline"
        onClick={[Function]}
        type="button"
      >
        Delete
      </button>
    </span>
  </div>
  <div
    className="table-row"
  >
    <span>
      <a
        rel="noreferrer"
        target="_blank"
      >
        2
      </a>
    </span>
    <br />
    <span>
      2
    </span>
    <br />
    <span>
      2
    </span>
    <br />
    <span>
      2
    </span>
    <br />
    <span>
      <button
        className="button-inline"
        onClick={[Function]}
        type="button"
      >
        Delete
      </button>
    </span>
  </div>
</div>
`;
